A51 MACRO ASSEMBLER  ADDITION                                                             12/16/2021 15:55:29 PAGE     1


MACRO ASSEMBLER A51 V8.02c
OBJECT MODULE PLACED IN .\Objects\addition.obj
ASSEMBLER INVOKED BY: C:\Keil_v5\C51\BIN\A51.EXE 5-Addition\addition.asm SET(SMALL) DEBUG PRINT(.\Listings\addition.lst)
                       OBJECT(.\Objects\addition.obj) EP

LOC  OBJ            LINE     SOURCE

                       1     ;MOV R1,#20H
                       2     ;MOV A,#03H
                       3     ;ADD A,R1
                       4     
0000                   5     ORG 0000H
0000 7803              6             MOV R0,#03H
0002 7405              7             MOV A,#05H
0004 2500              8             ADD A,00H
                       9             END
A51 MACRO ASSEMBLER  ADDITION                                                             12/16/2021 15:55:29 PAGE     2

SYMBOL TABLE LISTING
------ ----- -------


N A M E             T Y P E  V A L U E   ATTRIBUTES



REGISTER BANK(S) USED: 0 


ASSEMBLY COMPLETE.  0 WARNING(S), 0 ERROR(S)
